// Jest Snapshot v1, https://goo.gl/fbAQLP

exports[`Should render Statistic page 1`] = `ShallowWrapper {}`;
